  bash arg: -p
  bash arg: glory.beta001
  bash arg: -c
  bash arg: android.intent.category.LAUNCHER
  bash arg: 1
args: [-p, glory.beta001, -c, android.intent.category.LAUNCHER, 1]
 arg: "-p"
 arg: "glory.beta001"
 arg: "-c"
 arg: "android.intent.category.LAUNCHER"
 arg: "1"
data="glory.beta001"
data="android.intent.category.LAUNCHER"
// Monkey Version Informations:  
// Build Label: Redmi/serenity_global/serenity:15/AP3A.240905.015.A2/A15.0.15.0.VGWMIXM:user/release-keys
// Build Time: 1763970284000
// Build Type: user
// Build Tags: release-keys
// Build Debugable: false
// Build Changelist: A15.0.15.0.VGWMIXM
// Monkey Start Time : 3280233; Monkey Start Calendar Time : 2026-08-20 14:30:17.541 
** New tombstone found: /data/tombstones/tombstone_00.pb, size: 370145
** New tombstone found: /data/tombstones/tombstone_00, size: 588086
** New tombstone found: /data/tombstones/tombstone_01.pb, size: 36712
** New tombstone found: /data/tombstones/tombstone_01, size: 68314
** New tombstone found: /data/tombstones/tombstone_02.pb, size: 1014096
** New tombstone found: /data/tombstones/tombstone_02, size: 1549132
** New tombstone found: /data/tombstones/tombstone_03.pb, size: 1033038
** New tombstone found: /data/tombstones/tombstone_03, size: 1576878
** New tombstone found: /data/tombstones/tombstone_04.pb, size: 51201
** New tombstone found: /data/tombstones/tombstone_04, size: 89339
** New tombstone found: /data/tombstones/tombstone_05.pb, size: 411940
** New tombstone found: /data/tombstones/tombstone_05, size: 641502
** New tombstone found: /data/tombstones/tombstone_06.pb, size: 299811
** New tombstone found: /data/tombstones/tombstone_06, size: 484861
** New tombstone found: /data/tombstones/tombstone_07.pb, size: 321176
** New tombstone found: /data/tombstones/tombstone_07, size: 513555
** New tombstone found: /data/tombstones/tombstone_08.pb, size: 240083
** New tombstone found: /data/tombstones/tombstone_08, size: 390554
** New tombstone found: /data/tombstones/tombstone_09.pb, size: 266231
** New tombstone found: /data/tombstones/tombstone_09, size: 423833
** New tombstone found: /data/tombstones/tombstone_10.pb, size: 284297
** New tombstone found: /data/tombstones/tombstone_10, size: 446635
** New tombstone found: /data/tombstones/tombstone_11.pb, size: 310603
** New tombstone found: /data/tombstones/tombstone_11, size: 498998
** New tombstone found: /data/tombstones/tombstone_12.pb, size: 274009
** New tombstone found: /data/tombstones/tombstone_12, size: 441084
** New tombstone found: /data/tombstones/tombstone_13.pb, size: 340555
** New tombstone found: /data/tombstones/tombstone_13, size: 538075
** New tombstone found: /data/tombstones/tombstone_14.pb, size: 482434
** New tombstone found: /data/tombstones/tombstone_14, size: 738917
** New tombstone found: /data/tombstones/tombstone_15.pb, size: 358560
** New tombstone found: /data/tombstones/tombstone_15, size: 560042
** New tombstone found: /data/tombstones/tombstone_16.pb, size: 390723
** New tombstone found: /data/tombstones/tombstone_16, size: 610097
** New tombstone found: /data/tombstones/tombstone_17.pb, size: 251705
** New tombstone found: /data/tombstones/tombstone_17, size: 404530
** New tombstone found: /data/tombstones/tombstone_18.pb, size: 0
Incomplete tombstone file.
** New tombstone found: /data/tombstones/tombstone_18, size: 1485284
** New tombstone found: /data/tombstones/tombstone_19.pb, size: 1048569
** New tombstone found: /data/tombstones/tombstone_19, size: 1597494
** New tombstone found: /data/tombstones/tombstone_20.pb, size: 274516
** New tombstone found: /data/tombstones/tombstone_20, size: 432013
** New tombstone found: /data/tombstones/tombstone_21.pb, size: 274749
** New tombstone found: /data/tombstones/tombstone_21, size: 435966
** New tombstone found: /data/tombstones/tombstone_22.pb, size: 382372
** New tombstone found: /data/tombstones/tombstone_22, size: 602702
** New tombstone found: /data/tombstones/tombstone_23.pb, size: 390380
** New tombstone found: /data/tombstones/tombstone_23, size: 604449
** New tombstone found: /data/tombstones/tombstone_24.pb, size: 268189
** New tombstone found: /data/tombstones/tombstone_24, size: 428010
** New tombstone found: /data/tombstones/tombstone_25.pb, size: 42230
** New tombstone found: /data/tombstones/tombstone_25, size: 85830
** New tombstone found: /data/tombstones/tombstone_26.pb, size: 991664
** New tombstone found: /data/tombstones/tombstone_26, size: 1508149
** New tombstone found: /data/tombstones/tombstone_28.pb, size: 284899
** New tombstone found: /data/tombstones/tombstone_28, size: 448065
** New tombstone found: /data/tombstones/tombstone_29.pb, size: 260893
** New tombstone found: /data/tombstones/tombstone_27.pb, size: 36725
** New tombstone found: /data/tombstones/tombstone_27, size: 73987
** New tombstone found: /data/tombstones/tombstone_29, size: 414733
** New tombstone found: /data/tombstones/tombstone_30.pb, size: 327746
** New tombstone found: /data/tombstones/tombstone_30, size: 501498
** New tombstone found: /data/tombstones/tombstone_31.pb, size: 225965
** New tombstone found: /data/tombstones/tombstone_31, size: 366831
// First NativeCrash Time : 3348277; First NativeCrash Calendar Time : 2026-08-20 14:31:25.595 
Events injected: 1
## Network stats: elapsed time=68084ms (0ms mobile, 0ms wifi, 68084ms not connected)
